2018-05-27 03:00:03.722 13358 INFO nova.api.openstack.requestlog [req-7f20b069-900b-464c-86b0-b4f4a11b2032 66463f6019d748068400ff267e634263 47627507208b4c679f5ebd600da7cf5d - default default] 172.31.0.1 "GET /v2.1/" status: 200 len: 384 microversion: 2.1 time: 0.244236
2018-05-27 03:00:04.418 13349 INFO nova.api.openstack.requestlog [req-49b708eb-cef4-43a5-b463-da377ad38277 66463f6019d748068400ff267e634263 47627507208b4c679f5ebd600da7cf5d - default default] 172.31.0.1 "GET /v2.1/servers/detail" status: 200 len: 15 microversion: 2.53 time: 0.505217
2018-05-27 04:00:03.474 13351 INFO nova.api.openstack.requestlog [req-1341c96d-2c8a-4f74-bb8a-cf5e1ce7a4af 66463f6019d748068400ff267e634263 47627507208b4c679f5ebd600da7cf5d - default default] 172.31.0.1 "GET /v2.1" status: 302 len: None microversion: - time: 0.262914
2018-05-27 04:00:03.726 13348 INFO nova.api.openstack.requestlog [req-396018bf-de3a-404b-8152-55fa6b00fa3c 66463f6019d748068400ff267e634263 47627507208b4c679f5ebd600da7cf5d - default default] 172.31.0.1 "GET /v2.1/" status: 200 len: 384 microversion: 2.1 time: 0.243862
2018-05-27 04:00:04.096 13351 INFO nova.api.openstack.requestlog [req-4f2bb24f-7f3a-44ba-a791-325dea5ef245 66463f6019d748068400ff267e634263 47627507208b4c679f5ebd600da7cf5d - default default] 172.31.0.1 "GET /v2.1/servers/detail" status: 200 len: 15 microversion: 2.53 time: 0.188561
2018-05-27 05:00:05.110 13348 INFO nova.api.openstack.requestlog [req-7af5ed90-2880-4161-bdaf-ea689ee9e702 66463f6019d748068400ff267e634263 47627507208b4c679f5ebd600da7cf5d - default default] 172.31.0.1 "GET /v2.1" status: 302 len: None microversion: - time: 0.257105
2018-05-27 05:00:05.875 13349 INFO nova.api.openstack.requestlog [req-09a397c4-1a99-499b-b204-52cdc1f05943 66463f6019d748068400ff267e634263 47627507208b4c679f5ebd600da7cf5d - default default] 172.31.0.1 "GET /v2.1/" status: 200 len: 384 microversion: 2.1 time: 0.755738
2018-05-27 05:00:06.506 13358 INFO nova.api.openstack.requestlog [req-ac2118d9-fa29-4520-92c9-c1f68ffdad73 66463f6019d748068400ff267e634263 47627507208b4c679f5ebd600da7cf5d - default default] 172.31.0.1 "GET /v2.1/servers/detail" status: 200 len: 15 microversion: 2.53 time: 0.448465
2018-05-27 06:00:03.691 13349 INFO nova.api.openstack.requestlog [req-db5c559e-5df2-4446-9464-c249658be4d2 66463f6019d748068400ff267e634263 47627507208b4c679f5ebd600da7cf5d - default default] 172.31.0.1 "GET /v2.1" status: 302 len: None microversion: - time: 0.478023
2018-05-27 06:00:03.946 13348 INFO nova.api.openstack.requestlog [req-596c0e15-4cff-4fb9-ab96-f257f7e326f3 66463f6019d748068400ff267e634263 47627507208b4c679f5ebd600da7cf5d - default default] 172.31.0.1 "GET /v2.1/" status: 200 len: 384 microversion: 2.1 time: 0.248087
2018-05-27 06:00:04.285 13349 INFO nova.api.openstack.requestlog [req-5852ac6d-ed44-4a24-bab0-4dacd84838de 66463f6019d748068400ff267e634263 47627507208b4c679f5ebd600da7cf5d - default default] 172.31.0.1 "GET /v2.1/servers/detail" status: 200 len: 15 microversion: 2.53 time: 0.159702
2018-05-27 07:00:03.760 13351 INFO nova.api.openstack.requestlog [req-25d6d81a-1bc9-4216-a8e0-b8ec9d09034a 66463f6019d748068400ff267e634263 47627507208b4c679f5ebd600da7cf5d - default default] 172.31.0.1 "GET /v2.1" status: 302 len: None microversion: - time: 0.745867
2018-05-27 07:00:08.194 13355 WARNING oslo_config.cfg [req-fbf55f02-3bb5-4123-8906-c8710e2e41f0 - - - - -] Option "dhcp_domain" from group "DEFAULT" is deprecated for removal (
2018-05-27 07:00:08.195 13355 WARNING oslo_config.cfg [req-fbf55f02-3bb5-4123-8906-c8710e2e41f0 - - - - -] Option "firewall_driver" from group "DEFAULT" is deprecated for removal (
2018-05-27 07:00:08.206 13355 WARNING oslo_config.cfg [req-fbf55f02-3bb5-4123-8906-c8710e2e41f0 - - - - -] Option "use_baremetal_filters" from group "filter_scheduler" is deprecated for removal (
2018-05-27 07:00:08.207 13355 WARNING oslo_config.cfg [req-fbf55f02-3bb5-4123-8906-c8710e2e41f0 - - - - -] Option "api_endpoint" from group "ironic" is deprecated for removal (Endpoint lookup uses the service catalog via common keystoneauth1 Adapter configuration options. In the current release, api_endpoint will override this behavior, but will be ignored and/or removed in a future release. To achieve the same result, use the endpoint_override option instead.).  Its value may be silently ignored in the future.
2018-05-27 07:00:08.208 13355 WARNING oslo_config.cfg [req-fbf55f02-3bb5-4123-8906-c8710e2e41f0 - - - - -] Option "auth_plugin" from group "ironic" is deprecated. Use option "auth_type" from group "ironic".
2018-05-27 07:00:08.208 13355 WARNING oslo_config.cfg [req-fbf55f02-3bb5-4123-8906-c8710e2e41f0 - - - - -] Option "api_endpoint" from group "ironic" is deprecated. Use option "endpoint-override" from group "ironic".
2018-05-27 07:00:08.218 13355 WARNING oslo_config.cfg [req-fbf55f02-3bb5-4123-8906-c8710e2e41f0 - - - - -] Option "url" from group "neutron" is deprecated for removal (Endpoint lookup uses the service catalog via common keystoneauth1 Adapter configuration options. In the current release, "url" will override this behavior, but will be ignored and/or removed in a future release. To achieve the same result, use the endpoint_override option instead.).  Its value may be silently ignored in the future.
2018-05-27 07:00:08.227 13355 WARNING oslo_config.cfg [req-fbf55f02-3bb5-4123-8906-c8710e2e41f0 - - - - -] Option "os_region_name" from group "placement" is deprecated for removal (Endpoint lookup uses the service catalog via common keystoneauth1 Adapter configuration options.  Use the region_name option instead.).  Its value may be silently ignored in the future.
2018-05-27 07:00:08.229 13355 WARNING oslo_config.cfg [req-fbf55f02-3bb5-4123-8906-c8710e2e41f0 - - - - -] Option "os_region_name" from group "placement" is deprecated. Use option "region-name" from group "placement".
2018-05-27 07:00:09.813 13355 WARNING keystonemiddleware._common.config [req-fbf55f02-3bb5-4123-8906-c8710e2e41f0 - - - - -] The option "__file__" in conf is not known to auth_token
2018-05-27 07:00:09.813 13355 WARNING keystonemiddleware._common.config [req-fbf55f02-3bb5-4123-8906-c8710e2e41f0 - - - - -] The option "here" in conf is not known to auth_token
2018-05-27 07:00:09.822 13355 WARNING keystonemiddleware.auth_token [req-fbf55f02-3bb5-4123-8906-c8710e2e41f0 - - - - -] AuthToken middleware is set with keystone_authtoken.service_token_roles_required set to False. This is backwards compatible but deprecated behaviour. Please set this to True.
2018-05-27 07:00:09.827 13355 WARNING oslo_config.cfg [req-fbf55f02-3bb5-4123-8906-c8710e2e41f0 - - - - -] Option "auth_uri" from group "keystone_authtoken" is deprecated. Use option "www_authenticate_uri" from group "keystone_authtoken".
2018-05-27 07:00:11.207 13355 WARNING keystonemiddleware._common.config [req-fbf55f02-3bb5-4123-8906-c8710e2e41f0 - - - - -] The option "__file__" in conf is not known to auth_token
2018-05-27 07:00:11.208 13355 WARNING keystonemiddleware._common.config [req-fbf55f02-3bb5-4123-8906-c8710e2e41f0 - - - - -] The option "here" in conf is not known to auth_token
2018-05-27 07:00:11.217 13355 WARNING keystonemiddleware.auth_token [req-fbf55f02-3bb5-4123-8906-c8710e2e41f0 - - - - -] AuthToken middleware is set with keystone_authtoken.service_token_roles_required set to False. This is backwards compatible but deprecated behaviour. Please set this to True.
2018-05-27 07:00:11.269 13355 WARNING keystonemiddleware.auth_token [req-fbf55f02-3bb5-4123-8906-c8710e2e41f0 - - - - -] Using the in-process token cache is deprecated as of the 4.2.0 release and may be removed in the 5.0.0 release or the 'O' development cycle. The in-process cache causes inconsistent results and high memory usage. When the feature is removed the auth_token middleware will not cache tokens by default which may result in performance issues. It is recommended to use  memcache for the auth_token token cache by setting the memcached_servers option.
2018-05-27 07:00:12.177 13355 INFO nova.api.openstack.requestlog [req-d2d6c089-93fc-4088-ab2e-42cd3ce6c286 66463f6019d748068400ff267e634263 47627507208b4c679f5ebd600da7cf5d - default default] 172.31.0.1 "GET /v2.1/" status: 200 len: 384 microversion: 2.1 time: 0.908507
2018-05-27 07:00:12.779 13349 INFO nova.api.openstack.requestlog [req-a9bb841b-9793-41a0-ba15-7ba1c4da0494 66463f6019d748068400ff267e634263 47627507208b4c679f5ebd600da7cf5d - default default] 172.31.0.1 "GET /v2.1/servers/detail" status: 200 len: 15 microversion: 2.53 time: 0.420939
2018-05-27 07:09:17.568 13355 INFO nova.api.openstack.requestlog [req-c9847dcc-d40f-45fb-ab1e-bb82319a00e1 66463f6019d748068400ff267e634263 47627507208b4c679f5ebd600da7cf5d - default default] 172.31.0.1 "GET /v2.1" status: 302 len: None microversion: - time: 0.245016
2018-05-27 07:09:18.321 13358 INFO nova.api.openstack.requestlog [req-9425842a-64f3-410d-b06e-e5adbad45a19 66463f6019d748068400ff267e634263 47627507208b4c679f5ebd600da7cf5d - default default] 172.31.0.1 "GET /v2.1/" status: 200 len: 384 microversion: 2.1 time: 0.745629
2018-05-27 07:09:18.804 13349 INFO nova.api.openstack.requestlog [req-f0f92b1b-78a5-4b60-a437-9e458fd2f3a1 66463f6019d748068400ff267e634263 47627507208b4c679f5ebd600da7cf5d - default default] 172.31.0.1 "GET /v2.1/servers/detail" status: 200 len: 15 microversion: 2.53 time: 0.292334
2018-05-27 07:09:25.764 13351 INFO nova.api.openstack.requestlog [req-061f2b9f-300e-4032-b3a2-41a6cf4f24cc 66463f6019d748068400ff267e634263 47627507208b4c679f5ebd600da7cf5d - default default] 172.31.0.1 "GET /v2.1" status: 302 len: None microversion: - time: 0.242733
2018-05-27 07:09:26.014 13357 INFO nova.api.openstack.requestlog [req-2e346b97-aa5a-4bbc-a6d5-3f539eec0ef3 66463f6019d748068400ff267e634263 47627507208b4c679f5ebd600da7cf5d - default default] 172.31.0.1 "GET /v2.1/" status: 200 len: 384 microversion: 2.1 time: 0.240972
2018-05-27 07:09:26.360 13351 INFO nova.api.openstack.requestlog [req-72a53159-1345-41ae-b771-59a7259c3681 66463f6019d748068400ff267e634263 47627507208b4c679f5ebd600da7cf5d - default default] 172.31.0.1 "GET /v2.1/servers/detail" status: 200 len: 15 microversion: 2.53 time: 0.175907
2018-05-27 07:09:28.678 13348 INFO nova.api.openstack.requestlog [req-5b26ef06-0693-454f-b008-1edd332ac2b9 66463f6019d748068400ff267e634263 47627507208b4c679f5ebd600da7cf5d - default default] 172.31.0.1 "GET /v2.1" status: 302 len: None microversion: - time: 0.765921
2018-05-27 07:09:28.939 13349 INFO nova.api.openstack.requestlog [req-6338b3f0-9fe2-4e47-9985-4d56e8695568 66463f6019d748068400ff267e634263 47627507208b4c679f5ebd600da7cf5d - default default] 172.31.0.1 "GET /v2.1/" status: 200 len: 384 microversion: 2.1 time: 0.256057
2018-05-27 07:09:30.222 13345 INFO nova.api.openstack.requestlog [req-3d8c71e9-8a09-4bbf-97a0-454461f6ca93 66463f6019d748068400ff267e634263 47627507208b4c679f5ebd600da7cf5d - default default] 172.31.0.1 "GET /v2.1/servers/detail" status: 200 len: 15 microversion: 2.53 time: 1.095565
2018-05-27 08:00:03.777 13351 INFO nova.api.openstack.requestlog [req-cf4cba26-64c6-4d56-b76e-1f708aff5160 66463f6019d748068400ff267e634263 47627507208b4c679f5ebd600da7cf5d - default default] 172.31.0.1 "GET /v2.1" status: 302 len: None microversion: - time: 0.276443
2018-05-27 08:00:04.025 13355 INFO nova.api.openstack.requestlog [req-107a3cad-69cf-44c4-a7fe-c604ab73384b 66463f6019d748068400ff267e634263 47627507208b4c679f5ebd600da7cf5d - default default] 172.31.0.1 "GET /v2.1/" status: 200 len: 384 microversion: 2.1 time: 0.241092
2018-05-27 08:00:04.594 13345 INFO nova.api.openstack.requestlog [req-be9a9557-fe2d-4cbf-be2c-f7135800fa51 66463f6019d748068400ff267e634263 47627507208b4c679f5ebd600da7cf5d - default default] 172.31.0.1 "GET /v2.1/servers/detail" status: 200 len: 15 microversion: 2.53 time: 0.390135
2018-05-27 09:00:04.092 13347 INFO nova.api.openstack.requestlog [req-96922d17-9f59-4fe2-bea1-b5d198780d5d 66463f6019d748068400ff267e634263 47627507208b4c679f5ebd600da7cf5d - default default] 172.31.0.1 "GET /v2.1" status: 302 len: None microversion: - time: 0.752815
2018-05-27 09:00:04.336 13355 INFO nova.api.openstack.requestlog [req-ea1a779a-86dd-4fe0-a76b-b8883502aebd 66463f6019d748068400ff267e634263 47627507208b4c679f5ebd600da7cf5d - default default] 172.31.0.1 "GET /v2.1/" status: 200 len: 384 microversion: 2.1 time: 0.239023
2018-05-27 09:00:05.464 13350 INFO nova.api.openstack.requestlog [req-680691f5-7e31-4eec-a17e-4466279699d8 66463f6019d748068400ff267e634263 47627507208b4c679f5ebd600da7cf5d - default default] 172.31.0.1 "GET /v2.1/servers/detail" status: 200 len: 15 microversion: 2.53 time: 0.946093
2018-05-27 10:00:03.519 13358 INFO nova.api.openstack.requestlog [req-1addaf8b-e6d7-4da1-b73e-fc0559fd304c 66463f6019d748068400ff267e634263 47627507208b4c679f5ebd600da7cf5d - default default] 172.31.0.1 "GET /v2.1" status: 302 len: None microversion: - time: 0.272048
2018-05-27 10:00:03.772 13351 INFO nova.api.openstack.requestlog [req-d82f0071-7f8a-4532-9d03-2b37539dd890 66463f6019d748068400ff267e634263 47627507208b4c679f5ebd600da7cf5d - default default] 172.31.0.1 "GET /v2.1/" status: 200 len: 384 microversion: 2.1 time: 0.245534
2018-05-27 10:00:04.392 13349 INFO nova.api.openstack.requestlog [req-6b016ccb-82e7-4f58-84aa-f797ac55ca9f 66463f6019d748068400ff267e634263 47627507208b4c679f5ebd600da7cf5d - default default] 172.31.0.1 "GET /v2.1/servers/detail" status: 200 len: 15 microversion: 2.53 time: 0.430136
2018-05-27 11:00:03.338 13347 INFO nova.api.openstack.requestlog [req-8b5bcf34-796f-4e51-bb2c-de69daf55282 66463f6019d748068400ff267e634263 47627507208b4c679f5ebd600da7cf5d - default default] 172.31.0.1 "GET /v2.1" status: 302 len: None microversion: - time: 0.257516
2018-05-27 11:00:03.597 13355 INFO nova.api.openstack.requestlog [req-dd2de3d0-8a2a-41c0-b90f-bbc0d1eaa98f 66463f6019d748068400ff267e634263 47627507208b4c679f5ebd600da7cf5d - default default] 172.31.0.1 "GET /v2.1/" status: 200 len: 384 microversion: 2.1 time: 0.251094
2018-05-27 11:00:03.962 13347 INFO nova.api.openstack.requestlog [req-8e46eef9-2fa6-40c5-bd2a-fe7dfe251559 66463f6019d748068400ff267e634263 47627507208b4c679f5ebd600da7cf5d - default default] 172.31.0.1 "GET /v2.1/servers/detail" status: 200 len: 15 microversion: 2.53 time: 0.187159
2018-05-27 12:00:03.003 13351 INFO nova.api.openstack.requestlog [req-8548ddb5-ab33-42a1-aacb-0b10cfc73643 66463f6019d748068400ff267e634263 47627507208b4c679f5ebd600da7cf5d - default default] 172.31.0.1 "GET /v2.1" status: 302 len: None microversion: - time: 0.294170
2018-05-27 12:00:03.259 13355 INFO nova.api.openstack.requestlog [req-e0e4c1f8-cf79-474f-883b-12906fac9c47 66463f6019d748068400ff267e634263 47627507208b4c679f5ebd600da7cf5d - default default] 172.31.0.1 "GET /v2.1/" status: 200 len: 384 microversion: 2.1 time: 0.247611
2018-05-27 12:00:03.863 13345 INFO nova.api.openstack.requestlog [req-1994d979-9a8b-41dd-ad01-34febbcef872 66463f6019d748068400ff267e634263 47627507208b4c679f5ebd600da7cf5d - default default] 172.31.0.1 "GET /v2.1/servers/detail" status: 200 len: 15 microversion: 2.53 time: 0.421786
2018-05-27 12:41:04.162 13357 INFO nova.api.openstack.requestlog [req-dbe54f29-3c27-4e71-bbbc-93202be859f5 66463f6019d748068400ff267e634263 47627507208b4c679f5ebd600da7cf5d - default default] 172.31.0.1 "GET /v2.1" status: 302 len: None microversion: - time: 0.772266
2018-05-27 12:41:04.414 13347 INFO nova.api.openstack.requestlog [req-17204d6f-d8d0-4cc9-9f06-029b1cc4d183 66463f6019d748068400ff267e634263 47627507208b4c679f5ebd600da7cf5d - default default] 172.31.0.1 "GET /v2.1/" status: 200 len: 384 microversion: 2.1 time: 0.240221
2018-05-27 12:41:04.962 13349 INFO nova.api.openstack.requestlog [req-7e16e2e8-a28a-41e9-af25-62e37b7235c4 66463f6019d748068400ff267e634263 47627507208b4c679f5ebd600da7cf5d - default default] 172.31.0.1 "GET /v2.1/servers/detail" status: 200 len: 15 microversion: 2.53 time: 0.361268
2018-05-27 13:00:03.796 13358 INFO nova.api.openstack.requestlog [req-b8264ccb-21bb-4be1-9a5a-8c1fe56a226c 66463f6019d748068400ff267e634263 47627507208b4c679f5ebd600da7cf5d - default default] 172.31.0.1 "GET /v2.1" status: 302 len: None microversion: - time: 0.262138
2018-05-27 13:00:04.064 13348 INFO nova.api.openstack.requestlog [req-9a7c890a-f019-4d6c-a61f-b011f27741ed 66463f6019d748068400ff267e634263 47627507208b4c679f5ebd600da7cf5d - default default] 172.31.0.1 "GET /v2.1/" status: 200 len: 384 microversion: 2.1 time: 0.260001
2018-05-27 13:00:04.671 13357 INFO nova.api.openstack.requestlog [req-6b8b42b1-0098-4317-88de-e591f5f7e0f5 66463f6019d748068400ff267e634263 47627507208b4c679f5ebd600da7cf5d - default default] 172.31.0.1 "GET /v2.1/servers/detail" status: 200 len: 15 microversion: 2.53 time: 0.422351
2018-05-27 14:00:03.746 13350 INFO nova.api.openstack.requestlog [req-051f455d-1b04-4f7c-a461-bc9da3461309 66463f6019d748068400ff267e634263 47627507208b4c679f5ebd600da7cf5d - default default] 172.31.0.1 "GET /v2.1" status: 302 len: None microversion: - time: 0.257614
2018-05-27 14:00:04.000 13349 INFO nova.api.openstack.requestlog [req-3c8c91b8-01ea-4a62-b05b-81b89895ebb5 66463f6019d748068400ff267e634263 47627507208b4c679f5ebd600da7cf5d - default default] 172.31.0.1 "GET /v2.1/" status: 200 len: 384 microversion: 2.1 time: 0.246811
2018-05-27 14:00:04.349 13350 INFO nova.api.openstack.requestlog [req-3adeb032-1360-4631-bd46-42e3a5bc1329 66463f6019d748068400ff267e634263 47627507208b4c679f5ebd600da7cf5d - default default] 172.31.0.1 "GET /v2.1/servers/detail" status: 200 len: 15 microversion: 2.53 time: 0.167162
2018-05-27 15:00:03.428 13345 INFO nova.api.openstack.requestlog [req-6a526ef7-b09c-4377-af68-dc153b0ccc60 66463f6019d748068400ff267e634263 47627507208b4c679f5ebd600da7cf5d - default default] 172.31.0.1 "GET /v2.1" status: 302 len: None microversion: - time: 0.253483
2018-05-27 15:00:03.687 13349 INFO nova.api.openstack.requestlog [req-4964dacb-4aa3-4544-bc17-92444a1e3578 66463f6019d748068400ff267e634263 47627507208b4c679f5ebd600da7cf5d - default default] 172.31.0.1 "GET /v2.1/" status: 200 len: 384 microversion: 2.1 time: 0.252309
2018-05-27 15:00:04.299 13357 INFO nova.api.openstack.requestlog [req-f8c278c1-144c-4802-bdca-20c6b7149b97 66463f6019d748068400ff267e634263 47627507208b4c679f5ebd600da7cf5d - default default] 172.31.0.1 "GET /v2.1/servers/detail" status: 200 len: 15 microversion: 2.53 time: 0.427065
2018-05-27 16:00:03.381 13345 INFO nova.api.openstack.requestlog [req-b96e7ee5-2754-4d22-915c-71ba48f32da9 66463f6019d748068400ff267e634263 47627507208b4c679f5ebd600da7cf5d - default default] 172.31.0.1 "GET /v2.1" status: 302 len: None microversion: - time: 0.302958
2018-05-27 16:00:03.630 13355 INFO nova.api.openstack.requestlog [req-7eb2e0b5-f2f9-43db-94b5-dbd491738128 66463f6019d748068400ff267e634263 47627507208b4c679f5ebd600da7cf5d - default default] 172.31.0.1 "GET /v2.1/" status: 200 len: 384 microversion: 2.1 time: 0.242172
2018-05-27 16:00:04.228 13349 INFO nova.api.openstack.requestlog [req-90ec5f1a-fe52-4530-bee4-cd545e8644df 66463f6019d748068400ff267e634263 47627507208b4c679f5ebd600da7cf5d - default default] 172.31.0.1 "GET /v2.1/servers/detail" status: 200 len: 15 microversion: 2.53 time: 0.419162
2018-05-27 17:00:03.248 13345 INFO nova.api.openstack.requestlog [req-a2c9f367-6500-46c2-be0e-e5cc931372bb 66463f6019d748068400ff267e634263 47627507208b4c679f5ebd600da7cf5d - default default] 172.31.0.1 "GET /v2.1" status: 302 len: None microversion: - time: 0.262338
2018-05-27 17:00:03.498 13357 INFO nova.api.openstack.requestlog [req-fcf45bc1-6a8b-481a-b112-eb516a81123f 66463f6019d748068400ff267e634263 47627507208b4c679f5ebd600da7cf5d - default default] 172.31.0.1 "GET /v2.1/" status: 200 len: 384 microversion: 2.1 time: 0.241863
2018-05-27 17:00:03.861 13345 INFO nova.api.openstack.requestlog [req-a5d20cfe-5c26-4893-9f48-573c13afe762 66463f6019d748068400ff267e634263 47627507208b4c679f5ebd600da7cf5d - default default] 172.31.0.1 "GET /v2.1/servers/detail" status: 200 len: 15 microversion: 2.53 time: 0.178684
2018-05-27 18:00:04.542 13349 INFO nova.api.openstack.requestlog [req-3f06e102-5d70-4439-a54e-976bc9cb1518 66463f6019d748068400ff267e634263 47627507208b4c679f5ebd600da7cf5d - default default] 172.31.0.1 "GET /v2.1" status: 302 len: None microversion: - time: 0.753892
2018-05-27 18:00:04.795 13347 INFO nova.api.openstack.requestlog [req-75905baf-d7e4-4a33-a173-ccd73a1a84b8 66463f6019d748068400ff267e634263 47627507208b4c679f5ebd600da7cf5d - default default] 172.31.0.1 "GET /v2.1/" status: 200 len: 384 microversion: 2.1 time: 0.244546
2018-05-27 18:00:05.406 13351 INFO nova.api.openstack.requestlog [req-d51cb8ce-683b-4a66-bf2f-313c87b6ca60 66463f6019d748068400ff267e634263 47627507208b4c679f5ebd600da7cf5d - default default] 172.31.0.1 "GET /v2.1/servers/detail" status: 200 len: 15 microversion: 2.53 time: 0.424145
2018-05-27 19:00:03.838 13348 INFO nova.api.openstack.requestlog [req-cbd2545a-c495-4412-823f-a7e66acbbc68 66463f6019d748068400ff267e634263 47627507208b4c679f5ebd600da7cf5d - default default] 172.31.0.1 "GET /v2.1" status: 302 len: None microversion: - time: 0.763355
2018-05-27 19:00:04.610 13345 INFO nova.api.openstack.requestlog [req-d3e99106-8710-4bd9-98d7-6630d752c088 66463f6019d748068400ff267e634263 47627507208b4c679f5ebd600da7cf5d - default default] 172.31.0.1 "GET /v2.1/" status: 200 len: 384 microversion: 2.1 time: 0.763236
2018-05-27 19:00:04.971 13348 INFO nova.api.openstack.requestlog [req-ab10b28d-f51a-40ca-9698-fca0932c6ef0 66463f6019d748068400ff267e634263 47627507208b4c679f5ebd600da7cf5d - default default] 172.31.0.1 "GET /v2.1/servers/detail" status: 200 len: 15 microversion: 2.53 time: 0.181847
2018-05-27 20:00:03.453 13358 INFO nova.api.openstack.requestlog [req-00e9cf05-c09b-4a3f-bc23-561052ee2e35 66463f6019d748068400ff267e634263 47627507208b4c679f5ebd600da7cf5d - default default] 172.31.0.1 "GET /v2.1" status: 302 len: None microversion: - time: 0.777224
2018-05-27 20:00:03.722 13345 INFO nova.api.openstack.requestlog [req-72948183-aead-4af5-9269-a4991998958d 66463f6019d748068400ff267e634263 47627507208b4c679f5ebd600da7cf5d - default default] 172.31.0.1 "GET /v2.1/" status: 200 len: 384 microversion: 2.1 time: 0.258819
2018-05-27 20:00:05.088 13355 INFO nova.api.openstack.requestlog [req-0f0fc33a-0e10-490b-a487-504767b1a8ab 66463f6019d748068400ff267e634263 47627507208b4c679f5ebd600da7cf5d - default default] 172.31.0.1 "GET /v2.1/servers/detail" status: 200 len: 15 microversion: 2.53 time: 1.185028
2018-05-27 21:00:03.117 13358 INFO nova.api.openstack.requestlog [req-4097d730-e355-410f-911f-fc6f682ba1dd 66463f6019d748068400ff267e634263 47627507208b4c679f5ebd600da7cf5d - default default] 172.31.0.1 "GET /v2.1" status: 302 len: None microversion: - time: 0.270373
2018-05-27 21:00:03.379 13349 INFO nova.api.openstack.requestlog [req-54a94205-0cf1-433b-a6b5-7b36df54e2b7 66463f6019d748068400ff267e634263 47627507208b4c679f5ebd600da7cf5d - default default] 172.31.0.1 "GET /v2.1/" status: 200 len: 384 microversion: 2.1 time: 0.254958
2018-05-27 21:00:03.996 13345 INFO nova.api.openstack.requestlog [req-9c67823a-c077-4b66-be0b-a53048afede0 66463f6019d748068400ff267e634263 47627507208b4c679f5ebd600da7cf5d - default default] 172.31.0.1 "GET /v2.1/servers/detail" status: 200 len: 15 microversion: 2.53 time: 0.435412
2018-05-27 22:00:02.960 13348 INFO nova.api.openstack.requestlog [req-b94eb1f5-e698-4627-a432-3732a9a83d1e 66463f6019d748068400ff267e634263 47627507208b4c679f5ebd600da7cf5d - default default] 172.31.0.1 "GET /v2.1" status: 302 len: None microversion: - time: 0.254970
2018-05-27 22:00:03.221 13349 INFO nova.api.openstack.requestlog [req-19886d1e-97a9-497c-a9ba-e318868f099f 66463f6019d748068400ff267e634263 47627507208b4c679f5ebd600da7cf5d - default default] 172.31.0.1 "GET /v2.1/" status: 200 len: 384 microversion: 2.1 time: 0.253501
2018-05-27 22:00:04.324 13347 INFO nova.api.openstack.requestlog [req-1c1881e6-4a16-47d0-9960-2488421a252f 66463f6019d748068400ff267e634263 47627507208b4c679f5ebd600da7cf5d - default default] 172.31.0.1 "GET /v2.1/servers/detail" status: 200 len: 15 microversion: 2.53 time: 0.920247
2018-05-27 23:00:03.335 13345 INFO nova.api.openstack.requestlog [req-45ee4e0c-a0f2-4d2f-a7fa-4a421a6bd885 66463f6019d748068400ff267e634263 47627507208b4c679f5ebd600da7cf5d - default default] 172.31.0.1 "GET /v2.1" status: 302 len: None microversion: - time: 0.254945
2018-05-27 23:00:03.595 13349 INFO nova.api.openstack.requestlog [req-d7bdcd9d-96b6-48e9-a92e-7da7143b435f 66463f6019d748068400ff267e634263 47627507208b4c679f5ebd600da7cf5d - default default] 172.31.0.1 "GET /v2.1/" status: 200 len: 384 microversion: 2.1 time: 0.252387
2018-05-27 23:00:03.960 13345 INFO nova.api.openstack.requestlog [req-546e7924-edb7-4b06-919b-7f1c5ba0a947 66463f6019d748068400ff267e634263 47627507208b4c679f5ebd600da7cf5d - default default] 172.31.0.1 "GET /v2.1/servers/detail" status: 200 len: 15 microversion: 2.53 time: 0.179672
2018-05-28 00:00:03.100 13348 INFO nova.api.openstack.requestlog [req-1962e89a-7323-4e70-a5a5-9911204feb81 66463f6019d748068400ff267e634263 47627507208b4c679f5ebd600da7cf5d - default default] 172.31.0.1 "GET /v2.1" status: 302 len: None microversion: - time: 0.263312
2018-05-28 00:00:03.343 13349 INFO nova.api.openstack.requestlog [req-6e59d4a0-3a77-4898-9625-8061f1f48de6 66463f6019d748068400ff267e634263 47627507208b4c679f5ebd600da7cf5d - default default] 172.31.0.1 "GET /v2.1/" status: 200 len: 384 microversion: 2.1 time: 0.238491
2018-05-28 00:00:04.451 13350 INFO nova.api.openstack.requestlog [req-29540859-7ed8-43a9-abd0-85230c15b2ab 66463f6019d748068400ff267e634263 47627507208b4c679f5ebd600da7cf5d - default default] 172.31.0.1 "GET /v2.1/servers/detail" status: 200 len: 15 microversion: 2.53 time: 0.921406
2018-05-28 01:00:03.111 13349 INFO nova.api.openstack.requestlog [req-5a767e9d-1d1e-497b-89af-b3dfefe240cc 66463f6019d748068400ff267e634263 47627507208b4c679f5ebd600da7cf5d - default default] 172.31.0.1 "GET /v2.1" status: 302 len: None microversion: - time: 0.264970
2018-05-28 01:00:03.372 13355 INFO nova.api.openstack.requestlog [req-e4daf18b-a1d0-4f4b-8cae-e46be87866cc 66463f6019d748068400ff267e634263 47627507208b4c679f5ebd600da7cf5d - default default] 172.31.0.1 "GET /v2.1/" status: 200 len: 384 microversion: 2.1 time: 0.251887
2018-05-28 01:00:03.978 13345 INFO nova.api.openstack.requestlog [req-58964930-d0fd-4089-942d-583b4ce73295 66463f6019d748068400ff267e634263 47627507208b4c679f5ebd600da7cf5d - default default] 172.31.0.1 "GET /v2.1/servers/detail" status: 200 len: 15 microversion: 2.53 time: 0.420080
2018-05-28 02:00:02.956 13347 INFO nova.api.openstack.requestlog [req-8539e732-4ea5-4f27-8bfb-2f06bfb65dcd 66463f6019d748068400ff267e634263 47627507208b4c679f5ebd600da7cf5d - default default] 172.31.0.1 "GET /v2.1" status: 302 len: None microversion: - time: 0.270527
2018-05-28 02:00:03.202 13349 INFO nova.api.openstack.requestlog [req-6921cace-800c-4dda-8013-4a8bfae6291e 66463f6019d748068400ff267e634263 47627507208b4c679f5ebd600da7cf5d - default default] 172.31.0.1 "GET /v2.1/" status: 200 len: 384 microversion: 2.1 time: 0.240933
2018-05-28 02:00:03.783 13345 INFO nova.api.openstack.requestlog [req-1b1934f4-4c7b-4838-9118-a72a17379f84 66463f6019d748068400ff267e634263 47627507208b4c679f5ebd600da7cf5d - default default] 172.31.0.1 "GET /v2.1/servers/detail" status: 200 len: 15 microversion: 2.53 time: 0.389936
2018-05-28 03:00:04.293 13351 INFO nova.api.openstack.requestlog [req-3582bed1-9351-4ba7-b503-4d4d027538f6 66463f6019d748068400ff267e634263 47627507208b4c679f5ebd600da7cf5d - default default] 172.31.0.1 "GET /v2.1" status: 302 len: None microversion: - time: 0.778918
2018-05-28 03:00:04.549 13350 INFO nova.api.openstack.requestlog [req-e349ff7f-d6bd-45bb-933a-863cf38e2c91 66463f6019d748068400ff267e634263 47627507208b4c679f5ebd600da7cf5d - default default] 172.31.0.1 "GET /v2.1/" status: 200 len: 384 microversion: 2.1 time: 0.247707
2018-05-28 03:00:05.071 13348 INFO nova.api.openstack.requestlog [req-7e865e77-77d1-4c11-b208-cb15372df094 66463f6019d748068400ff267e634263 47627507208b4c679f5ebd600da7cf5d - default default] 172.31.0.1 "GET /v2.1/servers/detail" status: 200 len: 15 microversion: 2.53 time: 0.336264
2018-05-28 04:00:03.033 13350 INFO nova.api.openstack.requestlog [req-ca10f4f1-2906-4f29-a0b6-b78a4b43f5c0 66463f6019d748068400ff267e634263 47627507208b4c679f5ebd600da7cf5d - default default] 172.31.0.1 "GET /v2.1" status: 302 len: None microversion: - time: 0.256924
2018-05-28 04:00:03.801 13357 INFO nova.api.openstack.requestlog [req-c11e3349-9723-4c8d-8d25-c825d7f3539e 66463f6019d748068400ff267e634263 47627507208b4c679f5ebd600da7cf5d - default default] 172.31.0.1 "GET /v2.1/" status: 200 len: 384 microversion: 2.1 time: 0.760997
2018-05-28 04:00:04.372 13348 INFO nova.api.openstack.requestlog [req-702fd9e4-d448-4b3a-8779-12a951391340 66463f6019d748068400ff267e634263 47627507208b4c679f5ebd600da7cf5d - default default] 172.31.0.1 "GET /v2.1/servers/detail" status: 200 len: 15 microversion: 2.53 time: 0.388851
2018-05-28 05:00:03.388 13351 INFO nova.api.openstack.requestlog [req-b5fb67ef-b5b6-4696-a52a-bb87d58a979d 66463f6019d748068400ff267e634263 47627507208b4c679f5ebd600da7cf5d - default default] 172.31.0.1 "GET /v2.1" status: 302 len: None microversion: - time: 0.243900
2018-05-28 05:00:03.644 13349 INFO nova.api.openstack.requestlog [req-b3c11f2d-332d-4b9e-bee4-8a6aacdec86c 66463f6019d748068400ff267e634263 47627507208b4c679f5ebd600da7cf5d - default default] 172.31.0.1 "GET /v2.1/" status: 200 len: 384 microversion: 2.1 time: 0.247809
2018-05-28 05:00:04.244 13357 INFO nova.api.openstack.requestlog [req-8e709f10-af57-422d-88d6-f97feccb1151 66463f6019d748068400ff267e634263 47627507208b4c679f5ebd600da7cf5d - default default] 172.31.0.1 "GET /v2.1/servers/detail" status: 200 len: 15 microversion: 2.53 time: 0.416579
2018-05-28 06:00:03.176 13351 INFO nova.api.openstack.requestlog [req-099c4853-cd63-4a4c-865f-5a5c5f3708a4 66463f6019d748068400ff267e634263 47627507208b4c679f5ebd600da7cf5d - default default] 172.31.0.1 "GET /v2.1" status: 302 len: None microversion: - time: 0.264184
2018-05-28 06:00:03.432 13347 INFO nova.api.openstack.requestlog [req-650b5b03-38cb-44d8-815d-fa6335c57897 66463f6019d748068400ff267e634263 47627507208b4c679f5ebd600da7cf5d - default default] 172.31.0.1 "GET /v2.1/" status: 200 len: 384 microversion: 2.1 time: 0.248887
2018-05-28 06:00:04.039 13358 INFO nova.api.openstack.requestlog [req-9d97041a-49dd-41db-a43d-7d821fe59d3b 66463f6019d748068400ff267e634263 47627507208b4c679f5ebd600da7cf5d - default default] 172.31.0.1 "GET /v2.1/servers/detail" status: 200 len: 15 microversion: 2.53 time: 0.421385
